<p>
<a href="?action=gallery_create" class="btn btn-primary"><i class="fa fa-plus"></i> Create Gallery</a>
</p>
<table class="tablesorter">
<thead>
<tr>
<th>Title</th>
<th>Image Count</th>
<th>Shortcode</th>
<td></td>
<td></td>
</tr>
</thead>
<tbody>
</tbody>
</table>
<script>Translation={};Translation.AskForDelete="Really delete this?";</script>