<table class="tablesorter">
<thead>
<tr>
<th>title</th>
<th>Image Count</th>
<th>shortcode</th>
</tr>
</thead>
<tbody>
</tbody>
</table>
<script>Translation={};Translation.AskForDelete="ASK_FOR_DELETE";</script>