<!DOCTYPE html PUBLIC "-//W3C//DTD HTML 4.0 Transitional//EN" "http://www.w3.org/TR/REC-html40/loose.dtd">
<html><body><div><div class="gallery">
<div class="row">

</div>Foo<div class="gallery">
<div class="row">

</div>
</div>
</div></div></body></html>
